// Jest Snapshot v1, https://goo.gl/fbAQLP

exports[`App should render correctly 1`] = `
ShallowWrapper {
  "length": 1,
  Symbol(enzyme.__root__): [Circular],
  Symbol(enzyme.__unrendered__): <App
    id={0}
  />,
  Symbol(enzyme.__renderer__): Object {
    "batchedUpdates": [Function],
    "getNode": [Function],
    "render": [Function],
    "simulateEvent": [Function],
    "unmount": [Function],
  },
  Symbol(enzyme.__node__): Object {
    "instance": null,
    "key": undefined,
    "nodeType": "host",
    "props": Object {
      "children": Array [
        <h2>
          Customer Reviews
        </h2>,
        <div
          className="mainReviews"
        >
          <Stars
            numReviews={Array []}
          />
          <KeywordList />
          <ReviewList
            reviews={Array []}
          />
        </div>,
        <div
          className="recentReviews"
        >
          <RecentReviewList
            reviews={Array []}
          />
        </div>,
        <div>
          <a
            className="underline"
          >
            See all 
             customer reviews
          </a>
          <button
            className="writeReviewButton"
          >
            Write a Customer Review
          </button>
        </div>,
      ],
      "className": "appContainer",
    },
    "ref": null,
    "rendered": Array [
      Object {
        "instance": null,
        "key": undefined,
        "nodeType": "host",
        "props": Object {
          "children": "Customer Reviews",
        },
        "ref": null,
        "rendered": "Customer Reviews",
        "type": "h2",
      },
      Object {
        "instance": null,
        "key": undefined,
        "nodeType": "host",
        "props": Object {
          "children": Array [
            <Stars
              numReviews={Array []}
            />,
            <KeywordList />,
            <ReviewList
              reviews={Array []}
            />,
          ],
          "className": "mainReviews",
        },
        "ref": null,
        "rendered": Array [
          Object {
            "instance": null,
            "key": undefined,
            "nodeType": "function",
            "props": Object {
              "numReviews": Array [],
            },
            "ref": null,
            "rendered": null,
            "type": [Function],
          },
          Object {
            "instance": null,
            "key": undefined,
            "nodeType": "function",
            "props": Object {},
            "ref": null,
            "rendered": null,
            "type": [Function],
          },
          Object {
            "instance": null,
            "key": undefined,
            "nodeType": "function",
            "props": Object {
              "reviews": Array [],
            },
            "ref": null,
            "rendered": null,
            "type": [Function],
          },
        ],
        "type": "div",
      },
      Object {
        "instance": null,
        "key": undefined,
        "nodeType": "host",
        "props": Object {
          "children": <RecentReviewList
            reviews={Array []}
          />,
          "className": "recentReviews",
        },
        "ref": null,
        "rendered": Object {
          "instance": null,
          "key": undefined,
          "nodeType": "function",
          "props": Object {
            "reviews": Array [],
          },
          "ref": null,
          "rendered": null,
          "type": [Function],
        },
        "type": "div",
      },
      Object {
        "instance": null,
        "key": undefined,
        "nodeType": "host",
        "props": Object {
          "children": Array [
            <a
              className="underline"
            >
              See all 
               customer reviews
            </a>,
            <button
              className="writeReviewButton"
            >
              Write a Customer Review
            </button>,
          ],
        },
        "ref": null,
        "rendered": Array [
          Object {
            "instance": null,
            "key": undefined,
            "nodeType": "host",
            "props": Object {
              "children": Array [
                "See all ",
                Array [],
                " customer reviews",
              ],
              "className": "underline",
            },
            "ref": null,
            "rendered": Array [
              "See all ",
              " customer reviews",
            ],
            "type": "a",
          },
          Object {
            "instance": null,
            "key": undefined,
            "nodeType": "host",
            "props": Object {
              "children": "Write a Customer Review",
              "className": "writeReviewButton",
            },
            "ref": null,
            "rendered": "Write a Customer Review",
            "type": "button",
          },
        ],
        "type": "div",
      },
    ],
    "type": "div",
  },
  Symbol(enzyme.__nodes__): Array [
    Object {
      "instance": null,
      "key": undefined,
      "nodeType": "host",
      "props": Object {
        "children": Array [
          <h2>
            Customer Reviews
          </h2>,
          <div
            className="mainReviews"
          >
            <Stars
              numReviews={Array []}
            />
            <KeywordList />
            <ReviewList
              reviews={Array []}
            />
          </div>,
          <div
            className="recentReviews"
          >
            <RecentReviewList
              reviews={Array []}
            />
          </div>,
          <div>
            <a
              className="underline"
            >
              See all 
               customer reviews
            </a>
            <button
              className="writeReviewButton"
            >
              Write a Customer Review
            </button>
          </div>,
        ],
        "className": "appContainer",
      },
      "ref": null,
      "rendered": Array [
        Object {
          "instance": null,
          "key": undefined,
          "nodeType": "host",
          "props": Object {
            "children": "Customer Reviews",
          },
          "ref": null,
          "rendered": "Customer Reviews",
          "type": "h2",
        },
        Object {
          "instance": null,
          "key": undefined,
          "nodeType": "host",
          "props": Object {
            "children": Array [
              <Stars
                numReviews={Array []}
              />,
              <KeywordList />,
              <ReviewList
                reviews={Array []}
              />,
            ],
            "className": "mainReviews",
          },
          "ref": null,
          "rendered": Array [
            Object {
              "instance": null,
              "key": undefined,
              "nodeType": "function",
              "props": Object {
                "numReviews": Array [],
              },
              "ref": null,
              "rendered": null,
              "type": [Function],
            },
            Object {
              "instance": null,
              "key": undefined,
              "nodeType": "function",
              "props": Object {},
              "ref": null,
              "rendered": null,
              "type": [Function],
            },
            Object {
              "instance": null,
              "key": undefined,
              "nodeType": "function",
              "props": Object {
                "reviews": Array [],
              },
              "ref": null,
              "rendered": null,
              "type": [Function],
            },
          ],
          "type": "div",
        },
        Object {
          "instance": null,
          "key": undefined,
          "nodeType": "host",
          "props": Object {
            "children": <RecentReviewList
              reviews={Array []}
            />,
            "className": "recentReviews",
          },
          "ref": null,
          "rendered": Object {
            "instance": null,
            "key": undefined,
            "nodeType": "function",
            "props": Object {
              "reviews": Array [],
            },
            "ref": null,
            "rendered": null,
            "type": [Function],
          },
          "type": "div",
        },
        Object {
          "instance": null,
          "key": undefined,
          "nodeType": "host",
          "props": Object {
            "children": Array [
              <a
                className="underline"
              >
                See all 
                 customer reviews
              </a>,
              <button
                className="writeReviewButton"
              >
                Write a Customer Review
              </button>,
            ],
          },
          "ref": null,
          "rendered": Array [
            Object {
              "instance": null,
              "key": undefined,
              "nodeType": "host",
              "props": Object {
                "children": Array [
                  "See all ",
                  Array [],
                  " customer reviews",
                ],
                "className": "underline",
              },
              "ref": null,
              "rendered": Array [
                "See all ",
                " customer reviews",
              ],
              "type": "a",
            },
            Object {
              "instance": null,
              "key": undefined,
              "nodeType": "host",
              "props": Object {
                "children": "Write a Customer Review",
                "className": "writeReviewButton",
              },
              "ref": null,
              "rendered": "Write a Customer Review",
              "type": "button",
            },
          ],
          "type": "div",
        },
      ],
      "type": "div",
    },
  ],
  Symbol(enzyme.__options__): Object {
    "adapter": ReactSixteenAdapter {
      "options": Object {
        "enableComponentDidUpdateOnSetState": true,
      },
    },
  },
}
`;
