// Jest Snapshot v1, https://goo.gl/fbAQLP

exports[`ReviewBody should render correctly 1`] = `
ShallowWrapper {
  "length": 1,
  Symbol(enzyme.__root__): [Circular],
  Symbol(enzyme.__unrendered__): <ReviewBody
    body="test"
  />,
  Symbol(enzyme.__renderer__): Object {
    "batchedUpdates": [Function],
    "getNode": [Function],
    "render": [Function],
    "simulateEvent": [Function],
    "unmount": [Function],
  },
  Symbol(enzyme.__node__): Object {
    "instance": null,
    "key": undefined,
    "nodeType": "host",
    "props": Object {
      "children": Array [
        <p>
          test
        </p>,
      ],
      "className": "reviewBody",
    },
    "ref": null,
    "rendered": Array [
      Object {
        "instance": null,
        "key": "0",
        "nodeType": "host",
        "props": Object {
          "children": "test",
        },
        "ref": null,
        "rendered": "test",
        "type": "p",
      },
    ],
    "type": "div",
  },
  Symbol(enzyme.__nodes__): Array [
    Object {
      "instance": null,
      "key": undefined,
      "nodeType": "host",
      "props": Object {
        "children": Array [
          <p>
            test
          </p>,
        ],
        "className": "reviewBody",
      },
      "ref": null,
      "rendered": Array [
        Object {
          "instance": null,
          "key": "0",
          "nodeType": "host",
          "props": Object {
            "children": "test",
          },
          "ref": null,
          "rendered": "test",
          "type": "p",
        },
      ],
      "type": "div",
    },
  ],
  Symbol(enzyme.__options__): Object {
    "adapter": ReactSixteenAdapter {
      "options": Object {
        "enableComponentDidUpdateOnSetState": true,
      },
    },
  },
}
`;
